#0 building with "default" instance using docker driver

#1 [internal] load build definition from Dockerfile.api-cached
#1 transferring dockerfile: 307B done
#1 DONE 0.1s

#2 [internal] load metadata for docker.io/library/message-router-api:before-tool-choice
#2 DONE 0.1s

#3 [internal] load .dockerignore
#3 transferring context: 103B done
#3 DONE 0.2s

#4 [internal] load build context
#4 transferring context: 22.64kB done
#4 DONE 0.1s

#5 [1/2] FROM docker.io/library/message-router-api:before-tool-choice@sha256:2cb21baff3a6f71e9a436a8c5366a721bb8bdaec943a3da38d7e9a4871740133
#5 resolve docker.io/library/message-router-api:before-tool-choice@sha256:2cb21baff3a6f71e9a436a8c5366a721bb8bdaec943a3da38d7e9a4871740133 0.1s done
#5 DONE 0.2s

#6 [2/2] COPY router_app /app/router_app
#6 DONE 0.1s

#7 exporting to image
#7 exporting layers
#7 exporting layers 0.2s done
#7 exporting manifest sha256:1f2b664755c6ad85c3697756d6f1d8c4f5b16d94b48ffb72f871b7b8aadb41b8
#7 exporting manifest sha256:1f2b664755c6ad85c3697756d6f1d8c4f5b16d94b48ffb72f871b7b8aadb41b8 0.1s done
#7 exporting config sha256:c4c7caf22ff7bdbb0848bae6f14d78068a088aa6fc02bf40598f3a9bb53f232d 0.1s done
#7 exporting attestation manifest sha256:50da25df388881e96d9e8f50049f0b474d68bf409ea2de0e23fe74b496c08cb3 0.1s done
#7 exporting manifest list sha256:1f2739136c28516f6333ca765a37933da574edf2ea6cfc85be8ad7ee95cf8447 0.1s done
#7 naming to docker.io/library/message-router-api:latest
#7 naming to docker.io/library/message-router-api:latest 0.1s done
#7 unpacking to docker.io/library/message-router-api:latest 0.2s done
#7 DONE 0.8s

View build details: docker-desktop://dashboard/build/default/default/i9dhigh1zls85z75ni1hw0mjt
