 Image message-router-api Building 
#1 [internal] load local bake definitions
#1 reading from stdin 2.13kB done
#1 DONE 0.0s

#2 [internal] load build definition from Dockerfile
#2 transferring dockerfile: 394B done
#2 DONE 0.0s

#3 [internal] load metadata for docker.io/library/python:3.12.12-slim-bookworm
#3 ERROR: DeadlineExceeded: context deadline exceeded
------
 > [internal] load metadata for docker.io/library/python:3.12.12-slim-bookworm:
------
Dockerfile:1

--------------------

   1 | >>> FROM python:3.12.12-slim-bookworm

   2 |     ENV PYTHONDONTWRITEBYTECODE=1 PYTHONUNBUFFERED=1 PIP_NO_CACHE_DIR=1

   3 |     WORKDIR /app

--------------------

failed to solve: DeadlineExceeded: context deadline exceeded



View build details: docker-desktop://dashboard/build/default/default/bbk5koib9l4hefpibgaz1xch6

